Archive member included to satisfy reference by file (symbol)

c:/program files (x86)/atmel/studio/7.0/toolchain/avr8/avr8-gnu-toolchain/bin/../lib/gcc/avr/5.4.0/avr5\libgcc.a(_udivmodhi4.o)
                              MCAL/Timers/Timers.o (__udivmodhi4)
c:/program files (x86)/atmel/studio/7.0/toolchain/avr8/avr8-gnu-toolchain/bin/../lib/gcc/avr/5.4.0/avr5\libgcc.a(_exit.o)
                              C:/Program Files (x86)/Atmel/Studio/7.0/Packs/atmel/ATmega_DFP/1.7.374/gcc/dev/atmega32/avr5/crtatmega32.o (exit)
c:/program files (x86)/atmel/studio/7.0/toolchain/avr8/avr8-gnu-toolchain/bin/../lib/gcc/avr/5.4.0/avr5\libgcc.a(_copy_data.o)
                              Application/Applicatoin.o (__do_copy_data)
c:/program files (x86)/atmel/studio/7.0/toolchain/avr8/avr8-gnu-toolchain/bin/../lib/gcc/avr/5.4.0/avr5\libgcc.a(_clear_bss.o)
                              Application/Applicatoin.o (__do_clear_bss)

Allocating common symbols
Common symbol       size              file

i                   0x2               Application/Applicatoin.o
carState            0x2               Application/Applicatoin.o

Discarded input sections

 .data          0x00000000        0x0 C:/Program Files (x86)/Atmel/Studio/7.0/Packs/atmel/ATmega_DFP/1.7.374/gcc/dev/atmega32/avr5/crtatmega32.o
 .bss           0x00000000        0x0 C:/Program Files (x86)/Atmel/Studio/7.0/Packs/atmel/ATmega_DFP/1.7.374/gcc/dev/atmega32/avr5/crtatmega32.o
 .group         0x00000000        0x8 Application/Applicatoin.o
 .group         0x00000000        0x8 Application/Applicatoin.o
 .group         0x00000000        0x8 Application/Applicatoin.o
 .group         0x00000000        0x8 Application/Applicatoin.o
 .group         0x00000000        0x8 Application/Applicatoin.o
 .group         0x00000000        0x8 Application/Applicatoin.o
 .text          0x00000000        0x0 Application/Applicatoin.o
 .data          0x00000000        0x0 Application/Applicatoin.o
 .bss           0x00000000        0x0 Application/Applicatoin.o
 .group         0x00000000        0x8 ECUAL/Buttons/Buttons.o
 .group         0x00000000        0x8 ECUAL/Buttons/Buttons.o
 .group         0x00000000        0x8 ECUAL/Buttons/Buttons.o
 .text          0x00000000        0x0 ECUAL/Buttons/Buttons.o
 .data          0x00000000        0x0 ECUAL/Buttons/Buttons.o
 .bss           0x00000000        0x0 ECUAL/Buttons/Buttons.o
 .text.BUTTON_READ
                0x00000000        0x6 ECUAL/Buttons/Buttons.o
 .debug_macro   0x00000000      0xa4e ECUAL/Buttons/Buttons.o
 .debug_macro   0x00000000       0xe2 ECUAL/Buttons/Buttons.o
 .debug_macro   0x00000000       0x1c ECUAL/Buttons/Buttons.o
 .group         0x00000000        0x8 ECUAL/LEDS/leds.o
 .group         0x00000000        0x8 ECUAL/LEDS/leds.o
 .group         0x00000000        0x8 ECUAL/LEDS/leds.o
 .group         0x00000000        0x8 ECUAL/LEDS/leds.o
 .text          0x00000000        0x0 ECUAL/LEDS/leds.o
 .data          0x00000000        0x0 ECUAL/LEDS/leds.o
 .bss           0x00000000        0x0 ECUAL/LEDS/leds.o
 .text.LED_ON   0x00000000        0x8 ECUAL/LEDS/leds.o
 .text.LED_OFF  0x00000000        0x8 ECUAL/LEDS/leds.o
 .text.LED_TOGGLE
                0x00000000        0x6 ECUAL/LEDS/leds.o
 .text.YC_ON    0x00000000       0x18 ECUAL/LEDS/leds.o
 .text.YP_ON    0x00000000        0xc ECUAL/LEDS/leds.o
 .debug_macro   0x00000000      0xa4e ECUAL/LEDS/leds.o
 .debug_macro   0x00000000       0xe2 ECUAL/LEDS/leds.o
 .debug_macro   0x00000000       0x10 ECUAL/LEDS/leds.o
 .debug_macro   0x00000000       0x2e ECUAL/LEDS/leds.o
 .group         0x00000000        0x8 main.o
 .group         0x00000000        0x8 main.o
 .group         0x00000000        0x8 main.o
 .group         0x00000000        0x8 main.o
 .group         0x00000000        0x8 main.o
 .group         0x00000000        0x8 main.o
 .group         0x00000000        0x8 main.o
 .group         0x00000000        0x8 main.o
 .group         0x00000000        0x8 main.o
 .group         0x00000000        0x8 main.o
 .group         0x00000000        0x8 main.o
 .group         0x00000000        0x8 main.o
 .group         0x00000000        0x8 main.o
 .group         0x00000000        0x8 main.o
 .group         0x00000000        0x8 main.o
 .group         0x00000000        0x8 main.o
 .text          0x00000000        0x0 main.o
 .data          0x00000000        0x0 main.o
 .bss           0x00000000        0x0 main.o
 .debug_macro   0x00000000      0xa4e main.o
 .debug_macro   0x00000000       0x16 main.o
 .debug_macro   0x00000000       0xe2 main.o
 .debug_macro   0x00000000       0x10 main.o
 .debug_macro   0x00000000       0x2e main.o
 .debug_macro   0x00000000       0x1c main.o
 .group         0x00000000        0x8 MCAL/DIO/DIO.o
 .group         0x00000000        0x8 MCAL/DIO/DIO.o
 .text          0x00000000        0x0 MCAL/DIO/DIO.o
 .data          0x00000000        0x0 MCAL/DIO/DIO.o
 .bss           0x00000000        0x0 MCAL/DIO/DIO.o
 .debug_macro   0x00000000      0xa4e MCAL/DIO/DIO.o
 .debug_macro   0x00000000       0xe2 MCAL/DIO/DIO.o
 .group         0x00000000        0x8 MCAL/Timers/Timers.o
 .group         0x00000000        0x8 MCAL/Timers/Timers.o
 .group         0x00000000        0x8 MCAL/Timers/Timers.o
 .text          0x00000000        0x0 MCAL/Timers/Timers.o
 .data          0x00000000        0x0 MCAL/Timers/Timers.o
 .bss           0x00000000        0x0 MCAL/Timers/Timers.o
 .debug_macro   0x00000000      0xa4e MCAL/Timers/Timers.o
 .debug_macro   0x00000000       0xe2 MCAL/Timers/Timers.o
 .debug_macro   0x00000000       0x10 MCAL/Timers/Timers.o
 .text          0x00000000        0x0 c:/program files (x86)/atmel/studio/7.0/toolchain/avr8/avr8-gnu-toolchain/bin/../lib/gcc/avr/5.4.0/avr5\libgcc.a(_udivmodhi4.o)
 .data          0x00000000        0x0 c:/program files (x86)/atmel/studio/7.0/toolchain/avr8/avr8-gnu-toolchain/bin/../lib/gcc/avr/5.4.0/avr5\libgcc.a(_udivmodhi4.o)
 .bss           0x00000000        0x0 c:/program files (x86)/atmel/studio/7.0/toolchain/avr8/avr8-gnu-toolchain/bin/../lib/gcc/avr/5.4.0/avr5\libgcc.a(_udivmodhi4.o)
 .text.libgcc.mul
                0x00000000        0x0 c:/program files (x86)/atmel/studio/7.0/toolchain/avr8/avr8-gnu-toolchain/bin/../lib/gcc/avr/5.4.0/avr5\libgcc.a(_udivmodhi4.o)
 .text.libgcc   0x00000000        0x0 c:/program files (x86)/atmel/studio/7.0/toolchain/avr8/avr8-gnu-toolchain/bin/../lib/gcc/avr/5.4.0/avr5\libgcc.a(_udivmodhi4.o)
 .text.libgcc.prologue
                0x00000000        0x0 c:/program files (x86)/atmel/studio/7.0/toolchain/avr8/avr8-gnu-toolchain/bin/../lib/gcc/avr/5.4.0/avr5\libgcc.a(_udivmodhi4.o)
 .text.libgcc.builtins
                0x00000000        0x0 c:/program files (x86)/atmel/studio/7.0/toolchain/avr8/avr8-gnu-toolchain/bin/../lib/gcc/avr/5.4.0/avr5\libgcc.a(_udivmodhi4.o)
 .text.libgcc.fmul
                0x00000000        0x0 c:/program files (x86)/atmel/studio/7.0/toolchain/avr8/avr8-gnu-toolchain/bin/../lib/gcc/avr/5.4.0/avr5\libgcc.a(_udivmodhi4.o)
 .text.libgcc.fixed
                0x00000000        0x0 c:/program files (x86)/atmel/studio/7.0/toolchain/avr8/avr8-gnu-toolchain/bin/../lib/gcc/avr/5.4.0/avr5\libgcc.a(_udivmodhi4.o)
 .text          0x00000000        0x0 c:/program files (x86)/atmel/studio/7.0/toolchain/avr8/avr8-gnu-toolchain/bin/../lib/gcc/avr/5.4.0/avr5\libgcc.a(_exit.o)
 .data          0x00000000        0x0 c:/program files (x86)/atmel/studio/7.0/toolchain/avr8/avr8-gnu-toolchain/bin/../lib/gcc/avr/5.4.0/avr5\libgcc.a(_exit.o)
 .bss           0x00000000        0x0 c:/program files (x86)/atmel/studio/7.0/toolchain/avr8/avr8-gnu-toolchain/bin/../lib/gcc/avr/5.4.0/avr5\libgcc.a(_exit.o)
 .text.libgcc.mul
                0x00000000        0x0 c:/program files (x86)/atmel/studio/7.0/toolchain/avr8/avr8-gnu-toolchain/bin/../lib/gcc/avr/5.4.0/avr5\libgcc.a(_exit.o)
 .text.libgcc.div
                0x00000000        0x0 c:/program files (x86)/atmel/studio/7.0/toolchain/avr8/avr8-gnu-toolchain/bin/../lib/gcc/avr/5.4.0/avr5\libgcc.a(_exit.o)
 .text.libgcc   0x00000000        0x0 c:/program files (x86)/atmel/studio/7.0/toolchain/avr8/avr8-gnu-toolchain/bin/../lib/gcc/avr/5.4.0/avr5\libgcc.a(_exit.o)
 .text.libgcc.prologue
                0x00000000        0x0 c:/program files (x86)/atmel/studio/7.0/toolchain/avr8/avr8-gnu-toolchain/bin/../lib/gcc/avr/5.4.0/avr5\libgcc.a(_exit.o)
 .text.libgcc.builtins
                0x00000000        0x0 c:/program files (x86)/atmel/studio/7.0/toolchain/avr8/avr8-gnu-toolchain/bin/../lib/gcc/avr/5.4.0/avr5\libgcc.a(_exit.o)
 .text.libgcc.fmul
                0x00000000        0x0 c:/program files (x86)/atmel/studio/7.0/toolchain/avr8/avr8-gnu-toolchain/bin/../lib/gcc/avr/5.4.0/avr5\libgcc.a(_exit.o)
 .text.libgcc.fixed
                0x00000000        0x0 c:/program files (x86)/atmel/studio/7.0/toolchain/avr8/avr8-gnu-toolchain/bin/../lib/gcc/avr/5.4.0/avr5\libgcc.a(_exit.o)
 .text          0x00000000        0x0 c:/program files (x86)/atmel/studio/7.0/toolchain/avr8/avr8-gnu-toolchain/bin/../lib/gcc/avr/5.4.0/avr5\libgcc.a(_copy_data.o)
 .data          0x00000000        0x0 c:/program files (x86)/atmel/studio/7.0/toolchain/avr8/avr8-gnu-toolchain/bin/../lib/gcc/avr/5.4.0/avr5\libgcc.a(_copy_data.o)
 .bss           0x00000000        0x0 c:/program files (x86)/atmel/studio/7.0/toolchain/avr8/avr8-gnu-toolchain/bin/../lib/gcc/avr/5.4.0/avr5\libgcc.a(_copy_data.o)
 .text.libgcc.mul
                0x00000000        0x0 c:/program files (x86)/atmel/studio/7.0/toolchain/avr8/avr8-gnu-toolchain/bin/../lib/gcc/avr/5.4.0/avr5\libgcc.a(_copy_data.o)
 .text.libgcc.div
                0x00000000        0x0 c:/program files (x86)/atmel/studio/7.0/toolchain/avr8/avr8-gnu-toolchain/bin/../lib/gcc/avr/5.4.0/avr5\libgcc.a(_copy_data.o)
 .text.libgcc   0x00000000        0x0 c:/program files (x86)/atmel/studio/7.0/toolchain/avr8/avr8-gnu-toolchain/bin/../lib/gcc/avr/5.4.0/avr5\libgcc.a(_copy_data.o)
 .text.libgcc.prologue
                0x00000000        0x0 c:/program files (x86)/atmel/studio/7.0/toolchain/avr8/avr8-gnu-toolchain/bin/../lib/gcc/avr/5.4.0/avr5\libgcc.a(_copy_data.o)
 .text.libgcc.builtins
                0x00000000        0x0 c:/program files (x86)/atmel/studio/7.0/toolchain/avr8/avr8-gnu-toolchain/bin/../lib/gcc/avr/5.4.0/avr5\libgcc.a(_copy_data.o)
 .text.libgcc.fmul
                0x00000000        0x0 c:/program files (x86)/atmel/studio/7.0/toolchain/avr8/avr8-gnu-toolchain/bin/../lib/gcc/avr/5.4.0/avr5\libgcc.a(_copy_data.o)
 .text.libgcc.fixed
                0x00000000        0x0 c:/program files (x86)/atmel/studio/7.0/toolchain/avr8/avr8-gnu-toolchain/bin/../lib/gcc/avr/5.4.0/avr5\libgcc.a(_copy_data.o)
 .text          0x00000000        0x0 c:/program files (x86)/atmel/studio/7.0/toolchain/avr8/avr8-gnu-toolchain/bin/../lib/gcc/avr/5.4.0/avr5\libgcc.a(_clear_bss.o)
 .data          0x00000000        0x0 c:/program files (x86)/atmel/studio/7.0/toolchain/avr8/avr8-gnu-toolchain/bin/../lib/gcc/avr/5.4.0/avr5\libgcc.a(_clear_bss.o)
 .bss           0x00000000        0x0 c:/program files (x86)/atmel/studio/7.0/toolchain/avr8/avr8-gnu-toolchain/bin/../lib/gcc/avr/5.4.0/avr5\libgcc.a(_clear_bss.o)
 .text.libgcc.mul
                0x00000000        0x0 c:/program files (x86)/atmel/studio/7.0/toolchain/avr8/avr8-gnu-toolchain/bin/../lib/gcc/avr/5.4.0/avr5\libgcc.a(_clear_bss.o)
 .text.libgcc.div
                0x00000000        0x0 c:/program files (x86)/atmel/studio/7.0/toolchain/avr8/avr8-gnu-toolchain/bin/../lib/gcc/avr/5.4.0/avr5\libgcc.a(_clear_bss.o)
 .text.libgcc   0x00000000        0x0 c:/program files (x86)/atmel/studio/7.0/toolchain/avr8/avr8-gnu-toolchain/bin/../lib/gcc/avr/5.4.0/avr5\libgcc.a(_clear_bss.o)
 .text.libgcc.prologue
                0x00000000        0x0 c:/program files (x86)/atmel/studio/7.0/toolchain/avr8/avr8-gnu-toolchain/bin/../lib/gcc/avr/5.4.0/avr5\libgcc.a(_clear_bss.o)
 .text.libgcc.builtins
                0x00000000        0x0 c:/program files (x86)/atmel/studio/7.0/toolchain/avr8/avr8-gnu-toolchain/bin/../lib/gcc/avr/5.4.0/avr5\libgcc.a(_clear_bss.o)
 .text.libgcc.fmul
                0x00000000        0x0 c:/program files (x86)/atmel/studio/7.0/toolchain/avr8/avr8-gnu-toolchain/bin/../lib/gcc/avr/5.4.0/avr5\libgcc.a(_clear_bss.o)
 .text.libgcc.fixed
                0x00000000        0x0 c:/program files (x86)/atmel/studio/7.0/toolchain/avr8/avr8-gnu-toolchain/bin/../lib/gcc/avr/5.4.0/avr5\libgcc.a(_clear_bss.o)

Memory Configuration

Name             Origin             Length             Attributes
text             0x00000000         0x00008000         xr
data             0x00800060         0x00000800         rw !x
eeprom           0x00810000         0x00000400         rw !x
fuse             0x00820000         0x00000002         rw !x
lock             0x00830000         0x00000400         rw !x
signature        0x00840000         0x00000400         rw !x
user_signatures  0x00850000         0x00000400         rw !x
*default*        0x00000000         0xffffffff

Linker script and memory map

LOAD C:/Program Files (x86)/Atmel/Studio/7.0/Packs/atmel/ATmega_DFP/1.7.374/gcc/dev/atmega32/avr5/crtatmega32.o
LOAD Application/Applicatoin.o
LOAD ECUAL/Buttons/Buttons.o
LOAD ECUAL/LEDS/leds.o
LOAD main.o
LOAD MCAL/DIO/DIO.o
LOAD MCAL/Timers/Timers.o
START GROUP
LOAD c:/program files (x86)/atmel/studio/7.0/toolchain/avr8/avr8-gnu-toolchain/bin/../lib/gcc/avr/5.4.0/../../../../avr/lib/avr5\libm.a
END GROUP
START GROUP
LOAD c:/program files (x86)/atmel/studio/7.0/toolchain/avr8/avr8-gnu-toolchain/bin/../lib/gcc/avr/5.4.0/avr5\libgcc.a
LOAD c:/program files (x86)/atmel/studio/7.0/toolchain/avr8/avr8-gnu-toolchain/bin/../lib/gcc/avr/5.4.0/../../../../avr/lib/avr5\libm.a
LOAD c:/program files (x86)/atmel/studio/7.0/toolchain/avr8/avr8-gnu-toolchain/bin/../lib/gcc/avr/5.4.0/../../../../avr/lib/avr5\libc.a
LOAD C:/Program Files (x86)/Atmel/Studio/7.0/Packs/atmel/ATmega_DFP/1.7.374/gcc/dev/atmega32/avr5\libatmega32.a
END GROUP
                0x00000000                __TEXT_REGION_ORIGIN__ = DEFINED (__TEXT_REGION_ORIGIN__)?__TEXT_REGION_ORIGIN__:0x0
                [0x00800060]                __DATA_REGION_ORIGIN__ = DEFINED (__DATA_REGION_ORIGIN__)?__DATA_REGION_ORIGIN__:0x800060
                [0x00008000]                __TEXT_REGION_LENGTH__ = DEFINED (__TEXT_REGION_LENGTH__)?__TEXT_REGION_LENGTH__:0x20000
                [0x00000800]                __DATA_REGION_LENGTH__ = DEFINED (__DATA_REGION_LENGTH__)?__DATA_REGION_LENGTH__:0xffa0
                [0x00000400]                __EEPROM_REGION_LENGTH__ = DEFINED (__EEPROM_REGION_LENGTH__)?__EEPROM_REGION_LENGTH__:0x10000
                [0x00000002]                __FUSE_REGION_LENGTH__ = DEFINED (__FUSE_REGION_LENGTH__)?__FUSE_REGION_LENGTH__:0x400
                0x00000400                __LOCK_REGION_LENGTH__ = DEFINED (__LOCK_REGION_LENGTH__)?__LOCK_REGION_LENGTH__:0x400
                0x00000400                __SIGNATURE_REGION_LENGTH__ = DEFINED (__SIGNATURE_REGION_LENGTH__)?__SIGNATURE_REGION_LENGTH__:0x400
                0x00000400                __USER_SIGNATURE_REGION_LENGTH__ = DEFINED (__USER_SIGNATURE_REGION_LENGTH__)?__USER_SIGNATURE_REGION_LENGTH__:0x400

.hash
 *(.hash)

.dynsym
 *(.dynsym)

.dynstr
 *(.dynstr)

.gnu.version
 *(.gnu.version)

.gnu.version_d
 *(.gnu.version_d)

.gnu.version_r
 *(.gnu.version_r)

.rel.init
 *(.rel.init)

.rela.init
 *(.rela.init)

.rel.text
 *(.rel.text)
 *(.rel.text.*)
 *(.rel.gnu.linkonce.t*)

.rela.text
 *(.rela.text)
 *(.rela.text.*)
 *(.rela.gnu.linkonce.t*)

.rel.fini
 *(.rel.fini)

.rela.fini
 *(.rela.fini)

.rel.rodata
 *(.rel.rodata)
 *(.rel.rodata.*)
 *(.rel.gnu.linkonce.r*)

.rela.rodata
 *(.rela.rodata)
 *(.rela.rodata.*)
 *(.rela.gnu.linkonce.r*)

.rel.data
 *(.rel.data)
 *(.rel.data.*)
 *(.rel.gnu.linkonce.d*)

.rela.data
 *(.rela.data)
 *(.rela.data.*)
 *(.rela.gnu.linkonce.d*)

.rel.ctors
 *(.rel.ctors)

.rela.ctors
 *(.rela.ctors)

.rel.dtors
 *(.rel.dtors)

.rela.dtors
 *(.rela.dtors)

.rel.got
 *(.rel.got)

.rela.got
 *(.rela.got)

.rel.bss
 *(.rel.bss)

.rela.bss
 *(.rela.bss)

.rel.plt
 *(.rel.plt)

.rela.plt
 *(.rela.plt)

.text           0x00000000      0x612
 *(.vectors)
 .vectors       0x00000000       0x54 C:/Program Files (x86)/Atmel/Studio/7.0/Packs/atmel/ATmega_DFP/1.7.374/gcc/dev/atmega32/avr5/crtatmega32.o
                0x00000000                __vector_default
                0x00000000                __vectors
 *(.vectors)
 *(.progmem.gcc*)
                0x00000054                . = ALIGN (0x2)
                0x00000054                __trampolines_start = .
 *(.trampolines)
 .trampolines   0x00000054        0x0 linker stubs
 *(.trampolines*)
                0x00000054                __trampolines_end = .
 *libprintf_flt.a:*(.progmem.data)
 *libc.a:*(.progmem.data)
 *(.progmem*)
                0x00000054                . = ALIGN (0x2)
 *(.jumptables)
 *(.jumptables*)
 *(.lowtext)
 *(.lowtext*)
                0x00000054                __ctors_start = .
 *(.ctors)
                0x00000054                __ctors_end = .
                0x00000054                __dtors_start = .
 *(.dtors)
                0x00000054                __dtors_end = .
 SORT(*)(.ctors)
 SORT(*)(.dtors)
 *(.init0)
 .init0         0x00000054        0x0 C:/Program Files (x86)/Atmel/Studio/7.0/Packs/atmel/ATmega_DFP/1.7.374/gcc/dev/atmega32/avr5/crtatmega32.o
                0x00000054                __init
 *(.init0)
 *(.init1)
 *(.init1)
 *(.init2)
 .init2         0x00000054        0xc C:/Program Files (x86)/Atmel/Studio/7.0/Packs/atmel/ATmega_DFP/1.7.374/gcc/dev/atmega32/avr5/crtatmega32.o
 *(.init2)
 *(.init3)
 *(.init3)
 *(.init4)
 .init4         0x00000060       0x16 c:/program files (x86)/atmel/studio/7.0/toolchain/avr8/avr8-gnu-toolchain/bin/../lib/gcc/avr/5.4.0/avr5\libgcc.a(_copy_data.o)
                0x00000060                __do_copy_data
 .init4         0x00000076       0x10 c:/program files (x86)/atmel/studio/7.0/toolchain/avr8/avr8-gnu-toolchain/bin/../lib/gcc/avr/5.4.0/avr5\libgcc.a(_clear_bss.o)
                0x00000076                __do_clear_bss
 *(.init4)
 *(.init5)
 *(.init5)
 *(.init6)
 *(.init6)
 *(.init7)
 *(.init7)
 *(.init8)
 *(.init8)
 *(.init9)
 .init9         0x00000086        0x4 C:/Program Files (x86)/Atmel/Studio/7.0/Packs/atmel/ATmega_DFP/1.7.374/gcc/dev/atmega32/avr5/crtatmega32.o
 *(.init9)
 *(.text)
 .text          0x0000008a        0x2 C:/Program Files (x86)/Atmel/Studio/7.0/Packs/atmel/ATmega_DFP/1.7.374/gcc/dev/atmega32/avr5/crtatmega32.o
                0x0000008a                __vector_12
                0x0000008a                __bad_interrupt
                0x0000008a                __vector_6
                0x0000008a                __vector_3
                0x0000008a                __vector_11
                0x0000008a                __vector_13
                0x0000008a                __vector_17
                0x0000008a                __vector_19
                0x0000008a                __vector_7
                0x0000008a                __vector_5
                0x0000008a                __vector_4
                0x0000008a                __vector_9
                0x0000008a                __vector_2
                0x0000008a                __vector_15
                0x0000008a                __vector_8
                0x0000008a                __vector_14
                0x0000008a                __vector_10
                0x0000008a                __vector_16
                0x0000008a                __vector_18
                0x0000008a                __vector_20
                0x0000008c                . = ALIGN (0x2)
 *(.text.*)
 .text.app_init
                0x0000008c       0x3e Application/Applicatoin.o
                0x0000008c                app_init
 .text.check    0x000000ca       0x6e Application/Applicatoin.o
                0x000000ca                check
 .text.app_start
                0x00000138       0x3e Application/Applicatoin.o
                0x00000138                app_start
 .text.__vector_1
                0x00000176       0x1c Application/Applicatoin.o
                0x00000176                __vector_1
 .text.BUTTON_INIT
                0x00000192        0x6 ECUAL/Buttons/Buttons.o
                0x00000192                BUTTON_INIT
 .text.LED_INIT
                0x00000198        0x6 ECUAL/LEDS/leds.o
                0x00000198                LED_INIT
 .text.LED_all_off
                0x0000019e       0x32 ECUAL/LEDS/leds.o
                0x0000019e                LED_all_off
 .text.RC_OFF   0x000001d0       0x16 ECUAL/LEDS/leds.o
                0x000001d0                RC_OFF
 .text.RC_ON    0x000001e6       0x12 ECUAL/LEDS/leds.o
                0x000001e6                RC_ON
 .text.YC_OFF   0x000001f8       0x16 ECUAL/LEDS/leds.o
                0x000001f8                YC_OFF
 .text.TIMER_yellow_car
                0x0000020e        0x6 ECUAL/LEDS/leds.o
                0x0000020e                TIMER_yellow_car
 .text.GC_OFF   0x00000214       0x16 ECUAL/LEDS/leds.o
                0x00000214                GC_OFF
 .text.GC_ON    0x0000022a       0x16 ECUAL/LEDS/leds.o
                0x0000022a                GC_ON
 .text.RP_ON    0x00000240        0xa ECUAL/LEDS/leds.o
                0x00000240                RP_ON
 .text.RP_OFF   0x0000024a        0xa ECUAL/LEDS/leds.o
                0x0000024a                RP_OFF
 .text.GP_ON    0x00000254        0xa ECUAL/LEDS/leds.o
                0x00000254                GP_ON
 .text.GP_OFF   0x0000025e        0xa ECUAL/LEDS/leds.o
                0x0000025e                GP_OFF
 .text.YP_OFF   0x00000268        0xa ECUAL/LEDS/leds.o
                0x00000268                YP_OFF
 .text.TIMER_yellow
                0x00000272        0x8 ECUAL/LEDS/leds.o
                0x00000272                TIMER_yellow
 .text.main     0x0000027a        0x6 main.o
                0x0000027a                main
 .text.DIO_init
                0x00000280       0xf4 MCAL/DIO/DIO.o
                0x00000280                DIO_init
 .text.DIO_write
                0x00000374       0xf0 MCAL/DIO/DIO.o
                0x00000374                DIO_write
 .text.DIO_toggle
                0x00000464       0x74 MCAL/DIO/DIO.o
                0x00000464                DIO_toggle
 .text.Timer0_Init
                0x000004d8        0x6 MCAL/Timers/Timers.o
                0x000004d8                Timer0_Init
 .text.Timer0_delay
                0x000004de       0x46 MCAL/Timers/Timers.o
                0x000004de                Timer0_delay
 .text.TIMER_blink
                0x00000524       0x64 MCAL/Timers/Timers.o
                0x00000524                TIMER_blink
 .text.TIMER_blink_car
                0x00000588       0x5e MCAL/Timers/Timers.o
                0x00000588                TIMER_blink_car
 .text.libgcc.div
                0x000005e6       0x28 c:/program files (x86)/atmel/studio/7.0/toolchain/avr8/avr8-gnu-toolchain/bin/../lib/gcc/avr/5.4.0/avr5\libgcc.a(_udivmodhi4.o)
                0x000005e6                __udivmodhi4
                0x0000060e                . = ALIGN (0x2)
 *(.fini9)
 .fini9         0x0000060e        0x0 c:/program files (x86)/atmel/studio/7.0/toolchain/avr8/avr8-gnu-toolchain/bin/../lib/gcc/avr/5.4.0/avr5\libgcc.a(_exit.o)
                0x0000060e                _exit
                0x0000060e                exit
 *(.fini9)
 *(.fini8)
 *(.fini8)
 *(.fini7)
 *(.fini7)
 *(.fini6)
 *(.fini6)
 *(.fini5)
 *(.fini5)
 *(.fini4)
 *(.fini4)
 *(.fini3)
 *(.fini3)
 *(.fini2)
 *(.fini2)
 *(.fini1)
 *(.fini1)
 *(.fini0)
 .fini0         0x0000060e        0x4 c:/program files (x86)/atmel/studio/7.0/toolchain/avr8/avr8-gnu-toolchain/bin/../lib/gcc/avr/5.4.0/avr5\libgcc.a(_exit.o)
 *(.fini0)
                0x00000612                _etext = .

.data           0x00800060        0x2 load address 0x00000612
                0x00800060                PROVIDE (__data_start, .)
 *(.data)
 *(.data*)
 .data.carMode  0x00800060        0x2 Application/Applicatoin.o
                0x00800060                carMode
 *(.gnu.linkonce.d*)
 *(.rodata)
 *(.rodata*)
 *(.gnu.linkonce.r*)
                0x00800062                . = ALIGN (0x2)
                0x00800062                _edata = .
                0x00800062                PROVIDE (__data_end, .)

.bss            0x00800062        0x4
                0x00800062                PROVIDE (__bss_start, .)
 *(.bss)
 *(.bss*)
 *(COMMON)
 COMMON         0x00800062        0x4 Application/Applicatoin.o
                0x00800062                i
                0x00800064                carState
                0x00800066                PROVIDE (__bss_end, .)
                0x00000612                __data_load_start = LOADADDR (.data)
                0x00000614                __data_load_end = (__data_load_start + SIZEOF (.data))

.noinit         0x00800066        0x0
                [!provide]                PROVIDE (__noinit_start, .)
 *(.noinit*)
                [!provide]                PROVIDE (__noinit_end, .)
                0x00800066                _end = .
                [!provide]                PROVIDE (__heap_start, .)

.eeprom         0x00810000        0x0
 *(.eeprom*)
                0x00810000                __eeprom_end = .

.fuse
 *(.fuse)
 *(.lfuse)
 *(.hfuse)
 *(.efuse)

.lock
 *(.lock*)

.signature
 *(.signature*)

.user_signatures
 *(.user_signatures*)

.stab
 *(.stab)

.stabstr
 *(.stabstr)

.stab.excl
 *(.stab.excl)

.stab.exclstr
 *(.stab.exclstr)

.stab.index
 *(.stab.index)

.stab.indexstr
 *(.stab.indexstr)

.comment        0x00000000       0x30
 *(.comment)
 .comment       0x00000000       0x30 Application/Applicatoin.o
                                 0x31 (size before relaxing)
 .comment       0x00000030       0x31 ECUAL/Buttons/Buttons.o
 .comment       0x00000030       0x31 ECUAL/LEDS/leds.o
 .comment       0x00000030       0x31 main.o
 .comment       0x00000030       0x31 MCAL/DIO/DIO.o
 .comment       0x00000030       0x31 MCAL/Timers/Timers.o

.note.gnu.avr.deviceinfo
                0x00000000       0x3c
 .note.gnu.avr.deviceinfo
                0x00000000       0x3c C:/Program Files (x86)/Atmel/Studio/7.0/Packs/atmel/ATmega_DFP/1.7.374/gcc/dev/atmega32/avr5/crtatmega32.o

.note.gnu.build-id
 *(.note.gnu.build-id)

.debug
 *(.debug)

.line
 *(.line)

.debug_srcinfo
 *(.debug_srcinfo)

.debug_sfnames
 *(.debug_sfnames)

.debug_aranges  0x00000000      0x198
 *(.debug_aranges)
 .debug_aranges
                0x00000000       0x38 Application/Applicatoin.o
 .debug_aranges
                0x00000038       0x28 ECUAL/Buttons/Buttons.o
 .debug_aranges
                0x00000060       0xb0 ECUAL/LEDS/leds.o
 .debug_aranges
                0x00000110       0x20 main.o
 .debug_aranges
                0x00000130       0x30 MCAL/DIO/DIO.o
 .debug_aranges
                0x00000160       0x38 MCAL/Timers/Timers.o

.debug_pubnames
 *(.debug_pubnames)

.debug_info     0x00000000     0x121e
 *(.debug_info .gnu.linkonce.wi.*)
 .debug_info    0x00000000      0x4e6 C:/Program Files (x86)/Atmel/Studio/7.0/Packs/atmel/ATmega_DFP/1.7.374/gcc/dev/atmega32/avr5/crtatmega32.o
 .debug_info    0x000004e6      0x39c Application/Applicatoin.o
 .debug_info    0x00000882      0x122 ECUAL/Buttons/Buttons.o
 .debug_info    0x000009a4      0x59f ECUAL/LEDS/leds.o
 .debug_info    0x00000f43       0xdb main.o
 .debug_info    0x0000101e       0xfb MCAL/DIO/DIO.o
 .debug_info    0x00001119      0x105 MCAL/Timers/Timers.o

.debug_abbrev   0x00000000      0x8c0
 *(.debug_abbrev)
 .debug_abbrev  0x00000000      0x4a3 C:/Program Files (x86)/Atmel/Studio/7.0/Packs/atmel/ATmega_DFP/1.7.374/gcc/dev/atmega32/avr5/crtatmega32.o
 .debug_abbrev  0x000004a3       0xfd Application/Applicatoin.o
 .debug_abbrev  0x000005a0       0x8c ECUAL/Buttons/Buttons.o
 .debug_abbrev  0x0000062c       0xe0 ECUAL/LEDS/leds.o
 .debug_abbrev  0x0000070c       0x8d main.o
 .debug_abbrev  0x00000799       0x81 MCAL/DIO/DIO.o
 .debug_abbrev  0x0000081a       0xa6 MCAL/Timers/Timers.o

.debug_line     0x00000000     0x1013
 *(.debug_line .debug_line.* .debug_line_end)
 .debug_line    0x00000000      0x116 C:/Program Files (x86)/Atmel/Studio/7.0/Packs/atmel/ATmega_DFP/1.7.374/gcc/dev/atmega32/avr5/crtatmega32.o
 .debug_line    0x00000116      0x3fa Application/Applicatoin.o
 .debug_line    0x00000510       0x9a ECUAL/Buttons/Buttons.o
 .debug_line    0x000005aa      0x325 ECUAL/LEDS/leds.o
 .debug_line    0x000008cf      0x431 main.o
 .debug_line    0x00000d00      0x16b MCAL/DIO/DIO.o
 .debug_line    0x00000e6b      0x1a8 MCAL/Timers/Timers.o

.debug_frame    0x00000000      0x2b8
 *(.debug_frame)
 .debug_frame   0x00000000       0x6c Application/Applicatoin.o
 .debug_frame   0x0000006c       0x34 ECUAL/Buttons/Buttons.o
 .debug_frame   0x000000a0      0x144 ECUAL/LEDS/leds.o
 .debug_frame   0x000001e4       0x24 main.o
 .debug_frame   0x00000208       0x44 MCAL/DIO/DIO.o
 .debug_frame   0x0000024c       0x6c MCAL/Timers/Timers.o

.debug_str      0x00000000     0x6353
 *(.debug_str)
 .debug_str     0x00000000      0x196 C:/Program Files (x86)/Atmel/Studio/7.0/Packs/atmel/ATmega_DFP/1.7.374/gcc/dev/atmega32/avr5/crtatmega32.o
 .debug_str     0x00000196     0x3111 Application/Applicatoin.o
                               0x313d (size before relaxing)
 .debug_str     0x000032a7       0x4d ECUAL/Buttons/Buttons.o
                               0x2ee2 (size before relaxing)
 .debug_str     0x000032f4       0x85 ECUAL/LEDS/leds.o
                               0x30c2 (size before relaxing)
 .debug_str     0x00003379     0x2f91 main.o
                               0x6080 (size before relaxing)
 .debug_str     0x0000630a       0x31 MCAL/DIO/DIO.o
                               0x2ea4 (size before relaxing)
 .debug_str     0x0000633b       0x18 MCAL/Timers/Timers.o
                               0x2edf (size before relaxing)

.debug_loc      0x00000000      0x47a
 *(.debug_loc)
 .debug_loc     0x00000000       0x5e Application/Applicatoin.o
 .debug_loc     0x0000005e       0xaa ECUAL/Buttons/Buttons.o
 .debug_loc     0x00000108      0x108 ECUAL/LEDS/leds.o
 .debug_loc     0x00000210      0x20c MCAL/DIO/DIO.o
 .debug_loc     0x0000041c       0x5e MCAL/Timers/Timers.o

.debug_macinfo
 *(.debug_macinfo)

.debug_weaknames
 *(.debug_weaknames)

.debug_funcnames
 *(.debug_funcnames)

.debug_typenames
 *(.debug_typenames)

.debug_varnames
 *(.debug_varnames)

.debug_pubtypes
 *(.debug_pubtypes)

.debug_ranges   0x00000000      0x138
 *(.debug_ranges)
 .debug_ranges  0x00000000       0x28 Application/Applicatoin.o
 .debug_ranges  0x00000028       0x18 ECUAL/Buttons/Buttons.o
 .debug_ranges  0x00000040       0xa0 ECUAL/LEDS/leds.o
 .debug_ranges  0x000000e0       0x10 main.o
 .debug_ranges  0x000000f0       0x20 MCAL/DIO/DIO.o
 .debug_ranges  0x00000110       0x28 MCAL/Timers/Timers.o

.debug_macro    0x00000000     0x222e
 *(.debug_macro)
 .debug_macro   0x00000000       0x70 Application/Applicatoin.o
 .debug_macro   0x00000070      0xa4e Application/Applicatoin.o
 .debug_macro   0x00000abe       0x16 Application/Applicatoin.o
 .debug_macro   0x00000ad4       0xe2 Application/Applicatoin.o
 .debug_macro   0x00000bb6       0x10 Application/Applicatoin.o
 .debug_macro   0x00000bc6       0x2e Application/Applicatoin.o
 .debug_macro   0x00000bf4       0x1c Application/Applicatoin.o
 .debug_macro   0x00000c10       0x29 ECUAL/Buttons/Buttons.o
 .debug_macro   0x00000c39       0x4a ECUAL/LEDS/leds.o
 .debug_macro   0x00000c83       0xec main.o
 .debug_macro   0x00000d6f       0x10 main.o
 .debug_macro   0x00000d7f      0x1c9 main.o
 .debug_macro   0x00000f48      0x2fc main.o
 .debug_macro   0x00001244       0x9e main.o
 .debug_macro   0x000012e2      0xc24 main.o
 .debug_macro   0x00001f06      0x170 main.o
 .debug_macro   0x00002076       0xbd main.o
 .debug_macro   0x00002133       0x34 main.o
 .debug_macro   0x00002167       0x18 main.o
 .debug_macro   0x0000217f       0x6c main.o
 .debug_macro   0x000021eb       0x1a MCAL/DIO/DIO.o
 .debug_macro   0x00002205       0x29 MCAL/Timers/Timers.o
OUTPUT(On-demand Traffic light.elf elf32-avr)
LOAD linker stubs
